Downloading https://services.gradle.org/distributions/gradle-8.14.3-bin.zip
.............10%.............20%.............30%.............40%.............50%.............60%.............70%.............80%.............90%..............100%

Welcome to Gradle 8.14.3!

Here are the highlights of this release:
 - Java 24 support
 - GraalVM Native Image toolchain selection
 - Enhancements to test reporting
 - Build Authoring improvements

For more details see https://docs.gradle.org/8.14.3/release-notes.html

To honour the JVM settings for this build a single-use Daemon process will be forked. For more on this, please refer to https://docs.gradle.org/8.14.3/userguide/gradle_daemon.html#sec:disabling_the_daemon in the Gradle documentation.
Daemon will be stopped at the end of the build 
> Task :app:preBuild UP-TO-DATE
> Task :app:preReleaseBuild UP-TO-DATE
> Task :app:generateReleaseResValues
> Task :app:mapReleaseSourceSetPaths
> Task :app:generateReleaseResources
> Task :app:createReleaseCompatibleScreenManifests
> Task :app:extractDeepLinksRelease
> Task :app:mergeReleaseResources
> Task :app:processReleaseMainManifest
> Task :app:processReleaseManifest
> Task :app:processApplicationManifestReleaseForBundle
> Task :app:checkReleaseAarMetadata
> Task :app:packageReleaseResources
> Task :app:parseReleaseLocalResources
> Task :app:extractReleaseVersionControlInfo
> Task :app:checkReleaseDuplicateClasses
> Task :app:desugarReleaseFileDependencies
> Task :app:javaPreCompileRelease
> Task :app:mergeReleaseStartupProfile
> Task :app:processReleaseManifestForPackage
> Task :app:mergeExtDexRelease
> Task :app:mergeReleaseShaders
> Task :app:compileReleaseShaders NO-SOURCE
> Task :app:generateReleaseAssets UP-TO-DATE
> Task :app:mergeReleaseAssets
> Task :app:processReleaseJavaRes NO-SOURCE
> Task :app:mergeReleaseJniLibFolders
> Task :app:mergeReleaseNativeLibs NO-SOURCE
> Task :app:stripReleaseDebugSymbols NO-SOURCE
> Task :app:writeReleaseAppMetadata
> Task :app:mergeReleaseArtProfile
> Task :app:mergeReleaseJavaResource
> Task :app:collectReleaseDependencies
> Task :app:configureReleaseDependencies
> Task :app:extractReleaseNativeSymbolTables NO-SOURCE
> Task :app:extractProguardFiles
> Task :app:parseReleaseIntegrityConfig
> Task :app:preDebugBuild UP-TO-DATE
> Task :app:mergeDebugNativeDebugMetadata NO-SOURCE
> Task :app:javaPreCompileDebug
> Task :app:checkDebugAarMetadata
> Task :app:generateDebugResValues
> Task :app:mapDebugSourceSetPaths
> Task :app:generateDebugResources
> Task :app:processReleaseResources
> Task :app:mergeDebugResources
> Task :app:packageDebugResources
> Task :app:bundleReleaseResources
> Task :app:compileReleaseJavaWithJavac
> Task :app:dexBuilderRelease
> Task :app:mergeReleaseGlobalSynthetics
> Task :app:mergeDexRelease
> Task :app:generateReleaseLintVitalReportModel
> Task :app:buildReleasePreBundle
> Task :app:compileReleaseArtProfile
> Task :app:createDebugCompatibleScreenManifests
> Task :app:extractDeepLinksDebug
> Task :app:processDebugMainManifest
> Task :app:parseDebugLocalResources
> Task :app:processDebugManifest
> Task :app:mergeDebugShaders
> Task :app:compileDebugShaders NO-SOURCE
> Task :app:generateDebugAssets UP-TO-DATE
> Task :app:mergeDebugAssets
> Task :app:processDebugManifestForPackage
> Task :app:processDebugJavaRes NO-SOURCE
> Task :app:compressDebugAssets
> Task :app:checkDebugDuplicateClasses
> Task :app:mergeDebugJavaResource
> Task :app:desugarDebugFileDependencies
> Task :app:mergeExtDexDebug
> Task :app:mergeLibDexDebug
> Task :app:mergeDebugJniLibFolders
> Task :app:mergeDebugNativeLibs NO-SOURCE
> Task :app:stripDebugDebugSymbols NO-SOURCE
> Task :app:validateSigningDebug
> Task :app:writeDebugAppMetadata
> Task :app:writeDebugSigningConfigVersions
> Task :app:processDebugResources
> Task :app:compileDebugJavaWithJavac
> Task :app:dexBuilderDebug
> Task :app:mergeProjectDexDebug
> Task :app:packageDebug
> Task :app:createDebugApkListingFileRedirect
> Task :app:assembleDebug
> Task :app:lintVitalAnalyzeRelease
> Task :app:lintVitalReportRelease
> Task :app:lintVitalRelease
> Task :app:packageReleaseBundle
> Task :app:signReleaseBundle
> Task :app:produceReleaseBundleIdeListingFile
> Task :app:createReleaseBundleListingFileRedirect
> Task :app:bundleRelease

[Incubating] Problems report is available at: file:///home/runner/work/erpsanxuat.com/erpsanxuat.com/games/trumbo-app/android/build/reports/problems/problems-report.html

Deprecated Gradle features were used in this build, making it incompatible with Gradle 9.0.

You can use '--warning-mode all' to show the individual deprecation warnings and determine if they come from your own scripts or plugins.

For more on this, please refer to https://docs.gradle.org/8.14.3/userguide/command_line_interface.html#sec:command_line_warnings in the Gradle documentation.

BUILD SUCCESSFUL in 37s
76 actionable tasks: 76 executed
